[INFO] Scanning for projects...
[INFO] 
[INFO] -------------------------< com.srms:srms-api >--------------------------
[INFO] Building srms-api 0.0.1-SNAPSHOT
[INFO]   from pom.xml
[INFO] --------------------------------[ jar ]---------------------------------
[INFO] 
[INFO] >>> spring-boot:3.2.5:run (default-cli) > test-compile @ srms-api >>>
[INFO] 
[INFO] --- resources:3.3.1:resources (default-resources) @ srms-api ---
[INFO] Copying 1 resource from src\main\resources to target\classes
[INFO] Copying 1 resource from src\main\resources to target\classes
[INFO] 
[INFO] --- compiler:3.11.0:compile (default-compile) @ srms-api ---
[INFO] Changes detected - recompiling the module! :source
[INFO] Compiling 265 source files with javac [debug release 17] to target\classes
[INFO] Annotation processing is enabled because one or more processors were found
  on the class path. A future release of javac may disable annotation processing
  unless at least one processor is specified by name (-processor), or a search
  path is specified (--processor-path, --processor-module-path), or annotation
  processing is enabled explicitly (-proc:only, -proc:full).
  Use -Xlint:-options to suppress this message.
  Use -proc:none to disable annotation processing.
[WARNING] /F:/school/School_system-api/src/main/java/com/srms/api/modules/library/entity/LibraryBook.java:[34,20] @Builder will ignore the initializing expression entirely. If you want the initializing expression to serve as default, add @Builder.Default. If it is not supposed to be settable during building, make the field final.
[WARNING] /F:/school/School_system-api/src/main/java/com/srms/api/modules/canteen/entity/MenuItem.java:[15,21] @Builder will ignore the initializing expression entirely. If you want the initializing expression to serve as default, add @Builder.Default. If it is not supposed to be settable during building, make the field final.
[WARNING] /F:/school/School_system-api/src/main/java/com/srms/api/modules/auth/entity/AppUser.java:[23,21] @Builder will ignore the initializing expression entirely. If you want the initializing expression to serve as default, add @Builder.Default. If it is not supposed to be settable during building, make the field final.
[WARNING] /F:/school/School_system-api/src/main/java/com/srms/api/modules/library/entity/LibraryLoan.java:[34,20] @Builder will ignore the initializing expression entirely. If you want the initializing expression to serve as default, add @Builder.Default. If it is not supposed to be settable during building, make the field final.
[WARNING] /F:/school/School_system-api/src/main/java/com/srms/api/modules/academic/entity/SchoolClass.java:[17,21] @Builder will ignore the initializing expression entirely. If you want the initializing expression to serve as default, add @Builder.Default. If it is not supposed to be settable during building, make the field final.
[WARNING] /F:/school/School_system-api/src/main/java/com/srms/api/modules/communication/entity/Announcement.java:[19,21] @Builder will ignore the initializing expression entirely. If you want the initializing expression to serve as default, add @Builder.Default. If it is not supposed to be settable during building, make the field final.
[WARNING] /F:/school/School_system-api/src/main/java/com/srms/api/modules/school/entity/School.java:[89,21] @Builder will ignore the initializing expression entirely. If you want the initializing expression to serve as default, add @Builder.Default. If it is not supposed to be settable during building, make the field final.
[WARNING] /F:/school/School_system-api/src/main/java/com/srms/api/modules/school/entity/School.java:[103,21] @Builder will ignore the initializing expression entirely. If you want the initializing expression to serve as default, add @Builder.Default. If it is not supposed to be settable during building, make the field final.
[WARNING] /F:/school/School_system-api/src/main/java/com/srms/api/modules/fee/entity/FeeStructure.java:[17,21] @Builder will ignore the initializing expression entirely. If you want the initializing expression to serve as default, add @Builder.Default. If it is not supposed to be settable during building, make the field final.
[WARNING] /F:/school/School_system-api/src/main/java/com/srms/api/modules/transport/entity/TransportEnrolment.java:[27,20] @Builder will ignore the initializing expression entirely. If you want the initializing expression to serve as default, add @Builder.Default. If it is not supposed to be settable during building, make the field final.
[WARNING] /F:/school/School_system-api/src/main/java/com/srms/api/modules/transport/entity/Vehicle.java:[28,20] @Builder will ignore the initializing expression entirely. If you want the initializing expression to serve as default, add @Builder.Default. If it is not supposed to be settable during building, make the field final.
[INFO] 
[INFO] --- resources:3.3.1:testResources (default-testResources) @ srms-api ---
[INFO] skip non existing resourceDirectory F:\school\School_system-api\src\test\resources
[INFO] 
[INFO] --- compiler:3.11.0:testCompile (default-testCompile) @ srms-api ---
[INFO] No sources to compile
[INFO] 
[INFO] <<< spring-boot:3.2.5:run (default-cli) < test-compile @ srms-api <<<
[INFO] 
[INFO] 
[INFO] --- spring-boot:3.2.5:run (default-cli) @ srms-api ---
[INFO] Attaching agents: []

  .   ____          _            __ _ _
 /\\ / ___'_ __ _ _(_)_ __  __ _ \ \ \ \
( ( )\___ | '_ | '_| | '_ \/ _` | \ \ \ \
 \\/  ___)| |_)| | | | | || (_| |  ) ) ) )
  '  |____| .__|_| |_|_| |_\__, | / / / /
 =========|_|==============|___/=/_/_/_/
 :: Spring Boot ::                (v3.2.5)

2026-06-21T19:35:44.852+02:00  INFO 42116 --- [srms-api] [           main] com.srms.api.SrmsApiApplication          : Starting SrmsApiApplication using Java 21.0.11 with PID 42116 (F:\school\School_system-api\target\classes started by chris in F:\school\School_system-api)
2026-06-21T19:35:44.855+02:00  INFO 42116 --- [srms-api] [           main] com.srms.api.SrmsApiApplication          : No active profile set, falling back to 1 default profile: "default"
2026-06-21T19:35:47.153+02:00  INFO 42116 --- [srms-api] [           main] .s.d.r.c.RepositoryConfigurationDelegate : Bootstrapping Spring Data JPA repositories in DEFAULT mode.
2026-06-21T19:35:47.756+02:00  INFO 42116 --- [srms-api] [           main] .s.d.r.c.RepositoryConfigurationDelegate : Finished Spring Data repository scanning in 593 ms. Found 74 JPA repository interfaces.
2026-06-21T19:35:48.970+02:00  INFO 42116 --- [srms-api] [           main] o.s.b.w.embedded.tomcat.TomcatWebServer  : Tomcat initialized with port 8080 (http)
2026-06-21T19:35:48.988+02:00  INFO 42116 --- [srms-api] [           main] o.apache.catalina.core.StandardService   : Starting service [Tomcat]
2026-06-21T19:35:48.989+02:00  INFO 42116 --- [srms-api] [           main] o.apache.catalina.core.StandardEngine    : Starting Servlet engine: [Apache Tomcat/10.1.20]
2026-06-21T19:35:49.089+02:00  INFO 42116 --- [srms-api] [           main] o.a.c.c.C.[Tomcat].[localhost].[/]       : Initializing Spring embedded WebApplicationContext
2026-06-21T19:35:49.091+02:00  INFO 42116 --- [srms-api] [           main] w.s.c.ServletWebServerApplicationContext : Root WebApplicationContext: initialization completed in 4131 ms
2026-06-21T19:35:49.525+02:00  INFO 42116 --- [srms-api] [           main] o.hibernate.jpa.internal.util.LogHelper  : HHH000204: Processing PersistenceUnitInfo [name: default]
2026-06-21T19:35:49.626+02:00  INFO 42116 --- [srms-api] [           main] org.hibernate.Version                    : HHH000412: Hibernate ORM core version 6.4.4.Final
2026-06-21T19:35:49.690+02:00  INFO 42116 --- [srms-api] [           main] o.h.c.internal.RegionFactoryInitiator    : HHH000026: Second-level cache disabled
2026-06-21T19:35:50.159+02:00  INFO 42116 --- [srms-api] [           main] o.s.o.j.p.SpringPersistenceUnitInfo      : No LoadTimeWeaver setup: ignoring JPA class transformer
2026-06-21T19:35:50.217+02:00  INFO 42116 --- [srms-api] [           main] com.zaxxer.hikari.HikariDataSource       : HikariPool-1 - Starting...
2026-06-21T19:35:50.548+02:00  INFO 42116 --- [srms-api] [           main] com.zaxxer.hikari.pool.HikariPool        : HikariPool-1 - Added connection org.postgresql.jdbc.PgConnection@1c4057f9
2026-06-21T19:35:50.551+02:00  INFO 42116 --- [srms-api] [           main] com.zaxxer.hikari.HikariDataSource       : HikariPool-1 - Start completed.
2026-06-21T19:35:50.608+02:00  WARN 42116 --- [srms-api] [           main] org.hibernate.orm.deprecation            : HHH90000025: PostgreSQLDialect does not need to be specified explicitly using 'hibernate.dialect' (remove the property setting and it will be selected by default)
2026-06-21T19:35:54.701+02:00  INFO 42116 --- [srms-api] [           main] o.h.e.t.j.p.i.JtaPlatformInitiator       : HHH000489: No JTA platform available (set 'hibernate.transaction.jta.platform' to enable JTA platform integration)
2026-06-21T19:35:55.103+02:00  WARN 42116 --- [srms-api] [           main] o.h.engine.jdbc.spi.SqlExceptionHelper   : SQL Warning Code: 0, SQLState: 00000
2026-06-21T19:35:55.103+02:00  WARN 42116 --- [srms-api] [           main] o.h.engine.jdbc.spi.SqlExceptionHelper   : constraint "uk4i65af0ufgovtdvejml44xrnx" of relation "custom_roles" does not exist, skipping
2026-06-21T19:35:55.120+02:00  INFO 42116 --- [srms-api] [           main] j.LocalContainerEntityManagerFactoryBean : Initialized JPA EntityManagerFactory for persistence unit 'default'
2026-06-21T19:35:56.133+02:00  INFO 42116 --- [srms-api] [           main] o.s.d.j.r.query.QueryEnhancerFactory     : Hibernate is in classpath; If applicable, HQL parser will be used.
2026-06-21T19:35:59.138+02:00  WARN 42116 --- [srms-api] [           main] JpaBaseConfiguration$JpaWebConfiguration : spring.jpa.open-in-view is enabled by default. Therefore, database queries may be performed during view rendering. Explicitly configure spring.jpa.open-in-view to disable this warning
2026-06-21T19:35:59.178+02:00  WARN 42116 --- [srms-api] [           main] .s.s.UserDetailsServiceAutoConfiguration : 

Using generated security password: 375cde38-e189-4047-b205-255d6b18b3d1

This generated password is for development use only. Your security configuration must be updated before running your application in production.

2026-06-21T19:35:59.771+02:00  INFO 42116 --- [srms-api] [           main] o.s.s.web.DefaultSecurityFilterChain     : Will secure any request with [org.springframework.security.web.session.DisableEncodeUrlFilter@c9ec20e, org.springframework.security.web.context.request.async.WebAsyncManagerIntegrationFilter@429b336b, org.springframework.security.web.context.SecurityContextHolderFilter@1f36bed9, org.springframework.security.web.header.HeaderWriterFilter@5d4493cc, org.springframework.web.filter.CorsFilter@164b28c4, org.springframework.security.web.authentication.logout.LogoutFilter@5884d435, com.srms.api.security.JwtAuthenticationFilter@3d2f3dcb, org.springframework.security.web.savedrequest.RequestCacheAwareFilter@5ea46e79, org.springframework.security.web.servletapi.SecurityContextHolderAwareRequestFilter@47a74bd0, org.springframework.security.web.authentication.AnonymousAuthenticationFilter@529c002c, org.springframework.security.web.session.SessionManagementFilter@768f12db, org.springframework.security.web.access.ExceptionTranslationFilter@6ea5e1fd, org.springframework.security.web.access.intercept.AuthorizationFilter@40d1d34d]
2026-06-21T19:36:00.380+02:00  INFO 42116 --- [srms-api] [           main] o.s.b.w.embedded.tomcat.TomcatWebServer  : Tomcat started on port 8080 (http) with context path ''
2026-06-21T19:36:00.395+02:00  INFO 42116 --- [srms-api] [           main] com.srms.api.SrmsApiApplication          : Started SrmsApiApplication in 16.3 seconds (process running for 16.988)
2026-06-21T19:37:16.509+02:00  INFO 42116 --- [srms-api] [nio-8080-exec-1] o.a.c.c.C.[Tomcat].[localhost].[/]       : Initializing Spring DispatcherServlet 'dispatcherServlet'
2026-06-21T19:37:16.509+02:00  INFO 42116 --- [srms-api] [nio-8080-exec-1] o.s.web.servlet.DispatcherServlet        : Initializing Servlet 'dispatcherServlet'
2026-06-21T19:37:16.514+02:00  INFO 42116 --- [srms-api] [nio-8080-exec-1] o.s.web.servlet.DispatcherServlet        : Completed initialization in 5 ms
